files/110.csv
id,week,center_id,meal_id,checkout_price,base_price,emailer_for_promotion,homepage_featured,num_orders
1495287,1,110,1878,243.53,241.53,0,0,135
1012528,2,110,1878,241.53,243.53,0,0,55
1341048,3,110,1878,243.53,243.53,0,0,148
1290233,4,110,1878,242.53,241.53,0,0,67
1254446,5,110,1878,242.53,241.53,0,0,216
1233802,6,110,1878,241.53,241.53,0,0,161
1276868,7,110,1878,241.53,241.53,0,0,190
1321671,8,110,1878,242.53,241.53,0,0,270
1380063,9,110,1878,242.53,242.53,0,0,135
1115310,10,110,1878,243.53,242.53,0,0,188
1148359,11,110,1878,242.53,243.53,0,0,162
1398870,12,110,1878,241.53,243.53,0,0,190
1498064,13,110,1878,243.53,242.53,0,0,204
1221516,14,110,1878,242.53,243.53,0,0,177
1075017,15,110,1878,242.53,241.53,0,0,176
1384753,16,110,1878,241.53,242.53,0,0,230
1342774,17,110,1878,242.53,243.53,0,0,203
1007917,18,110,1878,241.53,242.53,0,0,175
1315061,19,110,1878,242.53,242.53,0,0,136
1151180,20,110,1878,243.53,241.53,0,0,108
1076250,21,110,1878,241.53,242.53,0,0,176
1094221,22,110,1878,277.48,275.48,0,0,231
1078710,23,110,1878,282.33,282.33,0,0,189
1072109,24,110,1878,282.33,280.33,0,0,161
1053500,25,110,1878,281.33,280.33,0,0,95
1424683,26,110,1878,281.33,280.33,0,0,202
1044276,27,110,1878,280.33,282.33,0,0,177
1178527,28,110,1878,282.33,280.33,0,0,148
1280099,29,110,1878,281.33,281.33,0,0,188
1038746,30,110,1878,280.33,281.33,0,0,215
1187459,31,110,1878,280.33,281.33,0,0,189
1497691,32,110,1878,281.33,282.33,0,0,134
1161533,33,110,1878,282.33,282.33,0,0,149
1115117,34,110,1878,282.33,281.33,0,0,94
1473980,35,110,1878,280.33,280.33,0,0,94
1051875,36,110,1878,282.33,282.33,0,0,163
1230594,37,110,1878,282.33,281.33,0,0,123
1406205,38,110,1878,282.33,281.33,0,0,258
1389280,39,110,1878,280.33,280.33,0,0,177
1242652,40,110,1878,280.33,281.33,0,0,163
1156643,41,110,1878,280.33,280.33,0,0,134
1088730,42,110,1878,282.33,282.33,0,0,258
1087780,43,110,1878,281.33,280.33,0,0,176
1188537,44,110,1878,281.33,280.33,0,0,189
1011969,45,110,1878,280.33,280.33,0,0,418
1141114,46,110,1878,281.33,280.33,0,1,311
1372002,47,110,1878,282.33,280.33,0,0,366
1111398,48,110,1878,280.33,282.33,0,1,418
1463097,49,110,1878,280.33,280.33,0,0,406
1064862,50,110,1878,280.33,281.33,0,1,676
1392722,51,110,1878,281.33,282.33,0,1,339
1126461,52,110,1878,281.33,282.33,0,1,243
1280551,53,110,1878,281.33,281.33,0,1,270
1468679,54,110,1878,281.33,282.33,0,0,148
1468893,55,110,1878,280.33,280.33,0,0,190
1038560,56,110,1878,282.33,282.33,0,0,149
1344165,57,110,1878,281.33,282.33,0,0,217
1459080,58,110,1878,282.33,281.33,0,0,217
1230635,59,110,1878,281.33,282.33,0,0,163
1293427,60,110,1878,282.33,280.33,0,0,177
1491522,61,110,1878,281.33,281.33,0,0,149
1003905,62,110,1878,280.33,282.33,0,0,150
1153416,63,110,1878,282.33,280.33,0,0,215
1156950,64,110,1878,280.33,281.33,0,0,215
1293524,65,110,1878,282.33,282.33,0,0,150
1321996,66,110,1878,281.33,281.33,0,0,243
1413038,67,110,1878,282.33,280.33,0,0,242
1485213,68,110,1878,281.33,280.33,0,0,135
1032546,69,110,1878,282.33,282.33,0,0,215
1425458,70,110,1878,280.33,281.33,0,0,122
1023260,71,110,1878,280.33,282.33,0,0,175
1243430,72,110,1878,280.33,282.33,0,0,256
1242896,73,110,1878,281.33,281.33,0,0,298
1185898,74,110,1878,280.33,281.33,0,1,269
1317202,75,110,1878,281.33,280.33,0,0,162
1204565,76,110,1878,281.33,280.33,0,0,217
1351231,77,110,1878,281.33,281.33,0,0,108
1079305,78,110,1878,280.33,282.33,0,0,215
1339339,79,110,1878,280.33,282.33,0,0,96
1459001,80,110,1878,282.33,280.33,0,0,231
1017299,81,110,1878,282.33,281.33,0,0,122
1372776,82,110,1878,281.33,280.33,0,0,352
1138907,83,110,1878,280.33,281.33,0,0,216
1371480,84,110,1878,281.33,282.33,0,0,134
1018993,85,110,1878,203.76,281.33,1,0,406
1231257,86,110,1878,197.94,280.33,1,0,393
1212745,87,110,1878,193.03,280.33,0,1,404
1238525,88,110,1878,280.33,281.33,0,0,204
1048666,89,110,1878,282.33,282.33,0,0,189
1301376,90,110,1878,281.33,280.33,0,0,188
1390968,91,110,1878,282.33,281.33,0,0,150
1336707,92,110,1878,280.33,281.33,0,0,177
1238741,93,110,1878,280.33,282.33,0,0,96
1086759,94,110,1878,280.33,280.33,0,0,175
1349637,95,110,1878,280.33,280.33,0,0,188
1129232,96,110,1878,282.33,280.33,0,0,217
1378260,97,110,1878,281.33,281.33,0,0,188
1465859,98,110,1878,280.33,281.33,0,0,352
1291836,99,110,1878,281.33,281.33,0,0,243
1077838,100,110,1878,280.33,280.33,0,0,244
1209844,101,110,1878,281.33,280.33,0,0,378
1454693,102,110,1878,281.33,282.33,0,0,324
1111051,103,110,1878,281.33,280.33,0,0,150
1190522,104,110,1878,280.33,282.33,0,0,177
1463757,105,110,1878,282.33,280.33,0,0,175
1360058,106,110,1878,280.33,282.33,0,0,189
1174188,107,110,1878,215.4,282.33,1,1,404
1284378,108,110,1878,216.31,280.33,1,1,541
1056031,109,110,1878,213.46,281.33,1,1,527
1440641,110,110,1878,212.46,281.33,0,1,230
1494401,111,110,1878,280.33,282.33,0,0,41
1330530,112,110,1878,282.33,280.33,0,0,67
1463328,113,110,1878,281.33,281.33,0,0,297
1221900,114,110,1878,280.33,281.33,0,0,135
1239186,115,110,1878,281.33,280.33,0,0,229
1478544,116,110,1878,282.33,280.33,0,0,134
1423681,117,110,1878,281.33,281.33,0,0,96
1132205,118,110,1878,282.33,282.33,0,0,162
1302269,119,110,1878,281.33,281.33,0,0,231
1114757,120,110,1878,282.33,282.33,0,0,107
1077123,121,110,1878,280.33,281.33,0,0,149
1443953,122,110,1878,281.33,282.33,0,0,269
1215910,123,110,1878,242.53,280.33,0,1,202
1376703,124,110,1878,246.41,281.33,0,1,134
1296484,125,110,1878,281.33,280.33,0,0,53
1427668,126,110,1878,282.33,282.33,0,0,162
1498525,127,110,1878,280.33,282.33,0,0,94
1144424,128,110,1878,280.33,280.33,0,0,95
1348375,129,110,1878,281.33,282.33,0,0,189
1282684,130,110,1878,280.33,281.33,0,0,148
1087139,131,110,1878,304.61,304.61,0,0,80
1084160,132,110,1878,321.13,319.13,0,0,149
1270493,133,110,1878,321.13,321.13,0,0,53
1321733,134,110,1878,319.13,319.13,0,0,80
1418979,135,110,1878,320.13,320.13,0,0,27
1007666,136,110,1878,319.13,320.13,0,0,80
1148009,137,110,1878,321.13,321.13,0,0,122
1290316,138,110,1878,320.13,320.13,0,0,96
1281334,139,110,1878,320.13,321.13,0,0,109
1487012,140,110,1878,320.13,321.13,0,0,81
1395950,141,110,1878,319.13,320.13,0,0,149
1375180,142,110,1878,320.13,319.13,0,0,94
1450245,143,110,1878,321.13,320.13,0,0,68
1307273,144,110,1878,320.13,319.13,0,0,80
1081114,145,110,1878,320.13,321.13,0,0,68
1399430,1,110,2306,243.5,314.28,0,1,69
1479407,2,110,2306,244.5,315.28,0,1,109
1246224,3,110,2306,244.5,316.28,0,1,108
1225702,4,110,2306,243.5,316.28,0,0,15
1018498,5,110,2306,196,316.28,1,0,42
1154304,6,110,2306,243.5,244.5,0,0,13
1390313,7,110,2306,292,291,0,0,27
1372920,8,110,2306,244.5,292,1,0,121
1318276,9,110,2306,244.5,291,0,0,41
1015524,10,110,2306,243.5,291,0,0,53
1248767,11,110,2306,244.5,291,0,0,42
1238967,12,110,2306,242.5,293,0,1,190
1251514,13,110,2306,242.5,291,0,1,27
1256254,14,110,2306,268.75,293,0,1,107
1375638,15,110,2306,244.5,292,0,1,55
1306791,16,110,2306,339.53,292,0,1,55
1343935,17,110,2306,339.53,338.53,0,0,28
1420753,18,110,2306,243.5,339.53,1,1,15
1458041,19,110,2306,242.5,340.53,0,0,162
1086430,20,110,2306,243.5,338.53,0,0,41
1198078,21,110,2306,244.5,339.53,0,1,69
1229213,23,110,2306,338.53,338.53,0,0,26
1400072,24,110,2306,306.52,306.52,0,0,40
1157101,25,110,2306,244.5,307.52,1,0,27
1187164,26,110,2306,242.5,308.52,1,0,54
1449572,27,110,2306,242.5,306.52,0,0,40
1482199,28,110,2306,316.28,314.28,0,0,54
1035456,29,110,2306,338.53,339.53,0,0,81
1431461,30,110,2306,338.53,339.53,0,0,14
1330053,31,110,2306,339.53,339.53,0,0,14
1330811,32,110,2306,338.53,340.53,0,0,26
1428554,33,110,2306,244.5,338.53,1,0,40
1104599,34,110,2306,243.5,338.53,0,0,67
1113195,35,110,2306,261.9,338.53,0,0,67
1066011,36,110,2306,244.5,338.53,0,0,42
1113781,37,110,2306,338.53,340.53,0,0,27
1216092,38,110,2306,338.53,339.53,0,0,42
1334414,39,110,2306,242.5,339.53,1,0,121
1405006,40,110,2306,242.5,338.53,1,0,123
1127338,41,110,2306,244.5,338.53,0,0,42
1499176,42,110,2306,242.5,338.53,0,0,26
1205044,43,110,2306,339.53,339.53,0,0,41
1108220,45,110,2306,338.53,338.53,0,0,40
1246587,46,110,2306,338.53,340.53,0,0,42
1430319,48,110,2306,338.53,340.53,0,0,42
1339058,49,110,2306,339.53,339.53,0,0,27
1031425,50,110,2306,340.53,339.53,0,0,68
1039344,51,110,2306,307.52,306.52,0,0,41
1033790,52,110,2306,243.5,307.52,1,0,150
1300469,53,110,2306,243.5,306.52,1,0,82
1244208,54,110,2306,243.5,308.52,0,0,54
1338195,55,110,2306,244.5,307.52,0,0,68
1263173,56,110,2306,350.23,348.23,0,0,28
1075544,57,110,2306,349.23,348.23,0,0,15
1477602,58,110,2306,349.23,350.23,0,0,13
1350307,59,110,2306,348.23,348.23,0,0,27
1327441,61,110,2306,348.23,350.23,0,0,15
1149865,63,110,2306,350.23,350.23,0,0,41
1021445,64,110,2306,349.23,348.23,0,0,14
1222429,65,110,2306,349.23,349.23,0,0,69
1333327,66,110,2306,244.5,348.23,1,0,67
1438006,67,110,2306,243.5,348.23,0,0,67
1414383,68,110,2306,243.5,348.23,0,0,28
1488949,70,110,2306,243.53,348.23,1,0,150
1205899,71,110,2306,241.53,350.23,1,1,107
1041982,72,110,2306,241.53,349.23,0,1,14
1331761,73,110,2306,242.53,350.23,0,1,54
1214108,75,110,2306,348.23,349.23,0,0,14
1346868,79,110,2306,349.23,349.23,0,0,28
1009423,80,110,2306,350.23,349.23,0,0,26
1228659,81,110,2306,348.23,349.23,0,0,14
1183862,82,110,2306,350.23,350.23,0,0,26
1174477,84,110,2306,349.23,348.23,0,0,13
1104742,85,110,2306,242.5,350.23,0,0,69
1388082,86,110,2306,242.5,349.23,0,0,53
1307508,87,110,2306,242.5,348.23,0,0,26
1475497,88,110,2306,243.5,348.23,1,0,55
1115660,89,110,2306,348.23,350.23,1,0,15
1019961,90,110,2306,350.23,350.23,0,0,40
1351933,91,110,2306,349.23,348.23,0,0,42
1151204,92,110,2306,350.23,350.23,0,0,13
1097748,93,110,2306,348.23,349.23,0,0,14
1107302,95,110,2306,349.23,348.23,0,0,41
1416579,96,110,2306,350.23,348.23,0,0,13
1440471,97,110,2306,348.23,348.23,0,0,13
1237379,98,110,2306,350.23,349.23,0,0,42
1328753,99,110,2306,349.23,348.23,0,0,14
1075586,100,110,2306,350.23,348.23,0,0,13
1287978,103,110,2306,244.5,349.23,0,0,69
1144373,104,110,2306,260.96,349.23,1,0,80
1383676,105,110,2306,244.5,350.23,1,0,135
1266623,106,110,2306,244.5,349.23,0,0,26
1299786,110,110,2306,348.23,350.23,0,0,14
1221436,113,110,2306,242.5,350.23,1,1,13
1079517,114,110,2306,243.5,348.23,1,0,96
1199095,115,110,2306,350.23,350.23,0,1,28
1217188,116,110,2306,316.22,349.23,0,1,42
1358354,117,110,2306,335.62,337.62,0,0,13
1224466,119,110,2306,337.62,335.62,0,0,27
1484679,120,110,2306,337.62,337.62,0,0,28
1296848,122,110,2306,243.53,337.62,1,0,14
1064468,123,110,2306,217.28,335.62,1,0,54
1295830,124,110,2306,242.53,335.62,0,0,69
1081276,125,110,2306,241.53,335.62,0,0,68
1111013,129,110,2306,336.62,337.62,0,0,15
1097210,130,110,2306,335.62,336.62,0,0,14
1216476,132,110,2306,336.62,335.62,0,0,15
1304283,133,110,2306,337.62,337.62,0,0,14
1217983,135,110,2306,336.62,337.62,0,0,13
1235385,136,110,2306,335.62,336.62,0,0,53
1310741,137,110,2306,336.62,336.62,0,0,41
1092990,138,110,2306,337.62,335.62,0,0,26
1046432,139,110,2306,241.53,335.62,0,0,68
1294809,140,110,2306,189.18,336.62,1,0,122
1074490,141,110,2306,239.62,335.62,0,0,15
1481914,143,110,2306,292.03,335.62,0,0,15
1010882,144,110,2306,292.03,337.62,0,0,27
1094631,145,110,2306,242.53,335.62,1,0,14
1359443,1,110,1216,387.03,466.63,0,0,94
1194546,2,110,1216,389.03,388.03,0,0,95
1483404,3,110,1216,387.03,387.03,0,0,80
1100637,4,110,1216,416.13,417.13,0,0,96
1024982,5,110,1216,418.13,418.13,0,0,15
1017296,6,110,1216,418.13,417.13,0,0,26
1348508,8,110,1216,341.5,418.13,1,1,123
1225077,9,110,1216,341.5,417.13,0,1,82
1238776,10,110,1216,341.5,416.13,0,1,28
1091480,11,110,1216,353.11,418.13,0,1,80
1057603,12,110,1216,418.13,417.13,0,0,68
1117650,13,110,1216,417.13,417.13,0,0,15
1073041,14,110,1216,418.13,417.13,0,0,68
1494486,15,110,1216,416.13,418.13,0,0,94
1341664,16,110,1216,418.13,418.13,0,0,107
1001441,17,110,1216,417.13,418.13,0,0,53
1404461,18,110,1216,418.13,416.13,0,0,42
1130832,19,110,1216,416.13,416.13,0,0,41
1262138,20,110,1216,417.13,416.13,0,0,41
1407296,21,110,1216,374.48,416.13,0,0,53
1283466,22,110,1216,330.83,418.13,1,0,42
1053143,23,110,1216,330.83,417.13,1,0,96
1211001,24,110,1216,328.83,418.13,1,0,82
1233158,25,110,1216,418.13,417.13,0,0,26
1119956,26,110,1216,416.13,417.13,0,0,14
1209724,27,110,1216,417.13,416.13,0,0,13
1434122,28,110,1216,418.13,416.13,0,0,42
1326186,29,110,1216,418.13,418.13,0,0,13
1297016,30,110,1216,418.13,417.13,0,0,67
1451722,31,110,1216,418.13,418.13,0,0,67
1005791,32,110,1216,416.13,417.13,0,0,40
1414794,33,110,1216,418.13,417.13,0,0,42
1246490,35,110,1216,338.59,417.13,1,0,94
1034097,36,110,1216,357.96,417.13,1,0,53
1284187,37,110,1216,338.59,416.13,0,0,55
1481962,38,110,1216,337.59,416.13,0,0,68
1206399,39,110,1216,418.13,416.13,0,0,13
1400577,40,110,1216,417.13,418.13,0,0,26
1222027,41,110,1216,418.13,416.13,0,0,80
1417105,42,110,1216,416.13,416.13,0,0,42
1260791,43,110,1216,416.13,417.13,0,0,15
1239811,44,110,1216,418.13,417.13,0,0,15
1444151,45,110,1216,417.13,416.13,0,0,14
1223602,46,110,1216,417.13,418.13,0,0,53
1146829,47,110,1216,418.13,416.13,0,0,28
1238346,48,110,1216,416.13,416.13,0,0,28
1300153,49,110,1216,416.13,418.13,0,0,42
1205831,50,110,1216,418.13,417.13,0,0,27
1193348,51,110,1216,416.13,416.13,0,0,15
1027837,52,110,1216,418.13,417.13,0,0,13
1424247,53,110,1216,418.13,417.13,0,0,53
1431759,54,110,1216,417.13,416.13,0,0,42
1291738,55,110,1216,435.53,435.53,0,0,53
1457725,56,110,1216,437.53,436.53,0,0,40
1086445,57,110,1216,436.53,437.53,0,0,41
1455039,58,110,1216,437.53,436.53,0,0,41
1089448,59,110,1216,435.53,436.53,0,0,27
1151755,60,110,1216,436.53,436.53,0,0,27
1311583,61,110,1216,437.53,435.53,0,0,27
1002027,62,110,1216,436.53,436.53,0,0,28
1351981,63,110,1216,435.53,437.53,0,0,40
1352260,64,110,1216,437.53,437.53,0,0,14
1053091,65,110,1216,437.53,435.53,0,0,54
1302558,66,110,1216,435.53,437.53,0,0,28
1335027,67,110,1216,436.53,435.53,0,0,53
1107098,68,110,1216,437.53,437.53,0,0,15
1009617,69,110,1216,436.53,437.53,0,0,41
1376336,70,110,1216,437.53,436.53,0,0,28
1299228,71,110,1216,435.53,435.53,0,0,54
1436913,72,110,1216,423.89,423.89,0,0,54
1383278,73,110,1216,387.03,425.89,1,0,40
1229766,74,110,1216,389.03,425.89,1,0,69
1329778,75,110,1216,389.03,388.03,0,0,107
1437547,76,110,1216,388.03,389.03,0,0,54
1481683,77,110,1216,437.53,436.53,0,0,41
1254095,78,110,1216,436.53,436.53,0,0,54
1107871,79,110,1216,435.53,435.53,0,0,40
1483190,80,110,1216,437.53,436.53,0,0,42
1344164,81,110,1216,435.53,436.53,0,0,15
1460560,82,110,1216,435.53,436.53,0,0,41
1229279,83,110,1216,435.53,436.53,0,0,13
1136149,85,110,1216,436.53,437.53,0,0,53
1404435,86,110,1216,435.53,435.53,0,0,15
1053831,87,110,1216,290.03,436.53,0,0,40
1351459,88,110,1216,435.53,437.53,0,0,27
1272483,89,110,1216,437.53,436.53,0,0,27
1332440,90,110,1216,340.5,435.53,1,0,15
1144487,91,110,1216,340.5,437.53,0,0,14
1378133,92,110,1216,341.5,435.53,0,0,13
1441406,93,110,1216,339.5,437.53,0,0,27
1411949,94,110,1216,341.5,437.53,0,0,55
1381221,95,110,1216,437.53,435.53,0,0,27
1057947,96,110,1216,437.53,436.53,0,0,26
1241207,97,110,1216,437.53,437.53,0,0,26
1174257,98,110,1216,290.03,436.53,1,0,150
1362730,99,110,1216,292.03,436.53,1,0,53
1326564,100,110,1216,291.03,436.53,0,0,26
1041675,101,110,1216,291.03,437.53,0,0,28
1147705,105,110,1216,437.53,436.53,0,0,14
1273930,107,110,1216,436.53,437.53,0,0,26
1279833,108,110,1216,339.5,435.53,0,0,26
1494931,109,110,1216,339.5,437.53,0,0,53
1387645,110,110,1216,340.5,435.53,0,0,15
1491717,111,110,1216,341.5,436.53,0,0,54
1028925,112,110,1216,437.53,437.53,0,0,40
1066507,113,110,1216,436.53,436.53,0,0,41
1450369,116,110,1216,414.25,412.25,0,0,13
1498533,117,110,1216,412.25,413.25,0,0,42
1090833,118,110,1216,414.25,412.25,0,0,40
1011348,119,110,1216,412.25,412.25,0,0,26
1135553,120,110,1216,414.25,412.25,0,0,28
1318502,121,110,1216,412.25,412.25,0,0,27
1133283,122,110,1216,413.25,413.25,0,0,69
1315778,123,110,1216,413.25,412.25,0,0,55
1374910,124,110,1216,413.25,412.25,0,0,40
1144648,125,110,1216,340.53,413.25,0,0,14
1154325,126,110,1216,339.53,413.25,0,0,42
1074311,127,110,1216,340.53,413.25,0,0,28
1314248,128,110,1216,339.53,414.25,0,0,13
1289386,130,110,1216,414.25,413.25,0,0,42
1259399,131,110,1216,412.25,414.25,0,0,26
1203985,132,110,1216,414.25,412.25,0,0,54
1320969,133,110,1216,413.25,414.25,0,0,14
1121794,134,110,1216,414.25,412.25,0,0,53
1127998,135,110,1216,413.25,412.25,0,0,27
1165238,136,110,1216,412.25,414.25,0,0,42
1070953,137,110,1216,414.25,412.25,0,0,13
1462849,138,110,1216,412.25,414.25,0,0,14
1212861,139,110,1216,292.03,414.25,0,0,42
1198377,140,110,1216,292.03,413.25,0,0,54
1067674,141,110,1216,413.25,412.25,0,0,28
1046060,142,110,1216,412.25,413.25,0,0,13
1470642,143,110,1216,290.03,412.25,1,0,80
1317474,144,110,1216,291.03,414.25,0,0,41
