files/110.csv
id,week,center_id,meal_id,checkout_price,base_price,emailer_for_promotion,homepage_featured,num_orders
1165832,1,110,1754,292.03,290.03,0,0,393
1010596,2,110,1754,292.03,291.03,0,0,229
1377773,3,110,1754,292.03,291.03,0,0,352
1487743,4,110,1754,292.03,291.03,0,0,269
1202890,5,110,1754,218.28,291.03,0,0,271
1201623,6,110,1754,260.02,292.03,0,0,365
1194843,7,110,1754,273.57,274.57,0,0,229
1489289,8,110,1754,290.03,292.03,0,0,242
1444056,9,110,1754,290.03,291.03,0,0,270
1431982,10,110,1754,290.03,290.03,0,0,337
1182841,11,110,1754,290.03,291.03,0,0,285
1385246,12,110,1754,278.39,280.39,0,0,337
1030048,13,110,1754,282.3,281.3,0,0,459
1396281,14,110,1754,290.03,290.03,0,0,366
1353338,15,110,1754,290.03,291.03,0,0,350
1359167,16,110,1754,291.03,291.03,0,0,350
1087700,17,110,1754,285.24,284.24,0,0,190
1075717,18,110,1754,195.03,284.24,1,1,2929
1418382,19,110,1754,263.87,263.87,0,0,325
1093642,20,110,1754,291.03,290.03,0,0,284
1203046,21,110,1754,274.51,276.51,0,0,337
1043336,22,110,1754,242.5,276.51,1,1,1202
1076479,23,110,1754,237.65,274.51,1,1,1066
1493033,24,110,1754,292.03,290.03,0,0,297
1046015,25,110,1754,281.36,279.36,0,0,366
1056524,26,110,1754,285.21,284.21,0,0,339
1433674,27,110,1754,290.03,291.03,0,0,351
1153554,28,110,1754,291.03,290.03,0,0,420
1042895,29,110,1754,279.39,279.39,0,0,324
1465397,30,110,1754,290.03,291.03,0,0,271
1390264,31,110,1754,271.6,273.6,0,0,431
1238185,32,110,1754,245.47,273.6,1,0,3766
1279063,33,110,1754,216.34,273.6,0,0,648
1100597,34,110,1754,307.55,306.55,0,0,311
1056810,35,110,1754,296.85,295.85,0,0,231
1453306,36,110,1754,309.43,311.43,0,0,258
1200495,37,110,1754,304.64,304.64,0,0,297
1409532,38,110,1754,311.43,311.43,0,0,242
1215017,39,110,1754,294.91,294.91,0,0,270
1217600,40,110,1754,311.43,311.43,0,0,285
1053650,41,110,1754,292.97,291.97,0,0,243
1264872,42,110,1754,311.43,311.43,0,0,190
1278164,43,110,1754,311.43,311.43,0,0,285
1278438,44,110,1754,294.88,295.88,0,0,284
1036230,45,110,1754,298.79,298.79,0,0,352
1206973,46,110,1754,235.71,299.79,1,0,271
1294517,47,110,1754,248.38,299.79,1,0,647
1349335,48,110,1754,159.08,298.79,1,0,5145
1010518,49,110,1754,229.95,298.79,0,0,1229
1296114,50,110,1754,245.47,297.79,0,1,1162
1119449,51,110,1754,184.3,298.79,0,0,1635
1032794,52,110,1754,242.5,299.79,0,1,501
1246879,53,110,1754,250.32,297.79,0,0,296
1437749,54,110,1754,284.27,283.27,0,0,285
1295394,55,110,1754,304.64,302.64,0,0,298
1267599,56,110,1754,310.43,311.43,0,0,188
1371937,57,110,1754,273.57,310.43,0,0,298
1491379,58,110,1754,277.48,310.43,0,0,242
1465122,59,110,1754,293,291,0,0,446
1014283,60,110,1754,242.5,292,1,1,6777
1464829,61,110,1754,243.5,292,0,1,810
1146120,62,110,1754,242.5,292,0,1,460
1223979,63,110,1754,238.65,293,0,1,796
1270032,64,110,1754,305.61,303.61,0,0,296
1081889,65,110,1754,309.43,309.43,0,0,257
1126856,66,110,1754,297.79,298.79,0,0,351
1058132,67,110,1754,310.43,309.43,0,0,283
1120403,68,110,1754,188.18,311.43,1,1,2159
1084523,69,110,1754,190.12,309.43,1,1,2444
1162464,70,110,1754,189.18,310.43,1,1,3455
1030518,71,110,1754,194.06,310.43,1,1,3106
1026976,72,110,1754,200.82,311.43,0,1,566
1463687,73,110,1754,310.43,309.43,0,0,189
1353570,74,110,1754,311.43,310.43,0,0,568
1330217,75,110,1754,245.47,309.43,0,0,1107
1149562,76,110,1754,244.5,309.43,0,0,499
1255405,77,110,1754,310.43,311.43,0,0,284
1033651,78,110,1754,292,293,0,0,231
1189330,79,110,1754,194,291,1,1,2161
1385388,80,110,1754,310.43,310.43,0,0,337
1321593,81,110,1754,310.43,310.43,0,0,202
1241193,82,110,1754,309.43,311.43,0,0,270
1334651,83,110,1754,306.55,305.55,0,0,324
1249574,84,110,1754,321.07,323.07,0,0,256
1259995,85,110,1754,322.07,321.07,0,0,163
1029538,86,110,1754,293.91,293.91,0,0,161
1099237,87,110,1754,301.73,300.73,0,0,204
1018892,88,110,1754,323.07,321.07,0,0,216
1161997,89,110,1754,323.07,323.07,0,0,284
1250466,90,110,1754,322.07,323.07,0,0,107
1214750,91,110,1754,322.07,322.07,0,0,134
1363188,92,110,1754,323.07,321.07,0,0,163
1433230,93,110,1754,323.07,322.07,0,0,244
1278964,94,110,1754,321.07,323.07,0,0,243
1301822,95,110,1754,322.07,321.07,0,0,283
1490545,96,110,1754,323.07,321.07,0,0,204
1311593,97,110,1754,291.06,323.07,0,0,202
1335763,98,110,1754,321.07,322.07,0,0,123
1032282,99,110,1754,309.46,309.46,0,0,188
1344147,100,110,1754,309.46,308.46,0,0,338
1327570,101,110,1754,308.49,307.49,0,0,325
1081806,102,110,1754,321.07,321.07,0,0,215
1086090,103,110,1754,321.07,321.07,0,0,177
1194942,104,110,1754,308.49,307.49,0,0,296
1182163,105,110,1754,321.07,321.07,0,0,527
1425568,106,110,1754,322.07,323.07,0,0,298
1072949,107,110,1754,323.07,321.07,0,0,271
1206952,108,110,1754,321.07,321.07,0,0,474
1384722,109,110,1754,273.57,323.07,0,0,809
1184059,110,110,1754,240.56,322.07,1,1,1149
1336671,111,110,1754,245.44,323.07,0,1,1121
1465088,112,110,1754,236.71,321.07,0,1,999
1199730,113,110,1754,321.07,322.07,0,0,391
1112116,114,110,1754,322.07,323.07,0,0,135
1418730,115,110,1754,321.07,323.07,0,0,216
1161425,116,110,1754,323.07,323.07,0,0,283
1252396,117,110,1754,326.89,328.89,0,0,269
1053499,118,110,1754,330.83,329.83,0,0,176
1366897,119,110,1754,329.83,330.83,0,0,285
1233927,120,110,1754,328.83,328.83,0,0,176
1412439,121,110,1754,328.83,328.83,0,0,297
1021418,122,110,1754,282.27,328.83,0,0,285
1483943,123,110,1754,294.91,328.83,0,0,123
1379203,124,110,1754,329.83,330.83,0,0,297
1019268,125,110,1754,312.34,313.34,0,0,269
1449616,126,110,1754,297.85,296.85,0,0,271
1494345,127,110,1754,330.83,329.83,0,0,229
1041876,128,110,1754,245.44,329.83,1,1,1594
1058186,129,110,1754,250.32,329.83,1,1,1014
1164794,130,110,1754,329.83,330.83,0,0,392
1060569,131,110,1754,329.83,328.83,0,0,297
1016598,132,110,1754,328.83,329.83,0,0,420
1318884,133,110,1754,330.83,328.83,0,0,270
1248811,134,110,1754,330.83,328.83,0,0,526
1205220,135,110,1754,318.16,319.16,0,0,418
1493663,136,110,1754,320.16,320.16,0,0,405
1399693,137,110,1754,328.83,328.83,0,0,404
1261010,138,110,1754,328.83,330.83,0,0,285
1337880,139,110,1754,330.83,329.83,0,0,312
1305866,140,110,1754,321.13,321.13,0,0,445
1154309,141,110,1754,330.83,328.83,0,0,420
1326308,142,110,1754,324.95,326.95,0,0,527
1091617,143,110,1754,328.83,330.83,0,0,566
1136278,144,110,1754,328.83,329.83,0,0,393
1361923,145,110,1754,329.83,329.83,0,0,512
1442851,1,110,1971,259.99,292.03,1,0,717
1404950,2,110,1971,261.96,290.03,1,0,270
1257595,3,110,1971,292.03,291.03,0,0,217
1298115,4,110,1971,291.03,292.03,0,0,230
1177471,5,110,1971,290.03,290.03,0,0,229
1240951,6,110,1971,290.03,292.03,0,0,162
1354767,7,110,1971,292.03,291.03,0,0,175
1071903,8,110,1971,292.03,290.03,0,0,69
1187775,9,110,1971,291.03,291.03,0,0,80
1382899,10,110,1971,241.53,291.03,1,1,2674
1289900,11,110,1971,242.53,290.03,1,0,1904
1019643,12,110,1971,243.47,291.03,0,0,298
1315794,13,110,1971,283.27,283.27,0,0,244
1146507,14,110,1971,290.03,292.03,0,0,270
1022539,15,110,1971,291.03,292.03,0,0,231
1418772,16,110,1971,291.03,291.03,0,0,149
1118958,17,110,1971,292.03,292.03,0,0,121
1149561,18,110,1971,290.03,291.03,0,0,94
1368101,19,110,1971,291.03,292.03,0,0,175
1027666,20,110,1971,290.03,290.03,0,0,230
1355685,21,110,1971,285.18,287.18,0,0,392
1293705,22,110,1971,242.5,285.18,1,1,1378
1481242,23,110,1971,246.44,286.18,1,1,1297
1212560,24,110,1971,282.27,282.27,0,0,350
1276196,25,110,1971,291.03,292.03,0,0,285
1181822,26,110,1971,290.03,290.03,0,0,391
1307936,27,110,1971,291.03,292.03,0,0,217
1167237,28,110,1971,292.03,290.03,0,0,256
1363218,29,110,1971,277.45,276.45,0,0,149
1341346,30,110,1971,291.03,292.03,0,0,244
1014476,31,110,1971,291.03,292.03,0,0,296
1297919,32,110,1971,244.5,292.03,1,0,2876
1270787,33,110,1971,291.03,290.03,0,0,350
1413821,34,110,1971,308.52,306.52,0,0,283
1209333,35,110,1971,310.43,311.43,0,0,311
1120806,36,110,1971,311.43,309.43,0,0,323
1232867,37,110,1971,309.43,311.43,0,0,188
1299548,38,110,1971,309.43,309.43,0,0,202
1278778,39,110,1971,310.43,311.43,0,0,379
1141836,40,110,1971,310.43,309.43,0,0,405
1038648,41,110,1971,310.43,311.43,0,0,215
1308593,42,110,1971,310.43,310.43,0,0,243
1134549,43,110,1971,310.43,311.43,0,0,297
1095116,44,110,1971,309.43,311.43,0,0,271
1090839,45,110,1971,311.43,311.43,0,0,229
1249885,46,110,1971,246.44,310.43,1,0,581
1346925,47,110,1971,245.44,310.43,1,0,607
1326974,48,110,1971,159.08,309.43,1,0,4603
1272151,49,110,1971,216.31,311.43,0,0,1701
1342546,50,110,1971,243.5,309.43,0,1,1039
1182785,51,110,1971,197.88,311.43,0,0,960
1229782,52,110,1971,311.43,311.43,0,0,312
1420911,53,110,1971,311.43,309.43,0,0,392
1391445,54,110,1971,311.43,310.43,0,0,339
1230180,55,110,1971,309.43,310.43,0,0,419
1287610,56,110,1971,309.43,311.43,0,0,244
1457992,57,110,1971,309.43,310.43,0,0,338
1349731,58,110,1971,309.43,310.43,0,0,312
1160126,59,110,1971,291.97,291.97,0,0,474
1055757,60,110,1971,244.5,293.97,1,1,6171
1277620,61,110,1971,244.5,291.97,0,1,852
1447923,62,110,1971,242.5,292.97,0,1,553
1138743,63,110,1971,243.5,292.97,0,1,378
1029734,64,110,1971,295.88,295.88,0,0,177
1304597,65,110,1971,309.43,310.43,0,0,230
1258215,66,110,1971,310.43,311.43,0,0,175
1264672,67,110,1971,309.43,310.43,0,0,217
1437284,68,110,1971,185.33,310.43,1,1,2295
1103817,69,110,1971,193.09,310.43,1,1,2011
1244114,70,110,1971,192.09,310.43,1,0,1499
1278116,71,110,1971,192.06,311.43,1,0,1742
1162616,72,110,1971,217.28,309.43,0,1,366
1039325,73,110,1971,310.43,310.43,0,0,285
1464614,74,110,1971,310.43,311.43,0,0,770
1122850,75,110,1971,244.5,311.43,0,0,1039
1468635,76,110,1971,246.44,310.43,0,0,541
1490496,77,110,1971,304.64,303.64,0,0,230
1425961,78,110,1971,311.43,309.43,0,0,311
1410840,79,110,1971,310.43,310.43,0,0,243
1064499,80,110,1971,310.43,310.43,0,0,285
1173581,81,110,1971,311.43,309.43,0,0,244
1379174,82,110,1971,309.43,310.43,0,0,216
1358315,83,110,1971,319.13,319.13,0,0,312
1274753,84,110,1971,323.07,321.07,0,0,338
1480111,85,110,1971,322.07,323.07,0,0,258
1060237,86,110,1971,323.07,323.07,0,0,149
1097966,87,110,1971,323.07,321.07,0,0,242
1142672,88,110,1971,322.07,321.07,0,0,176
1208853,89,110,1971,321.07,322.07,0,0,163
1385533,90,110,1971,322.07,323.07,0,0,149
1143372,91,110,1971,307.55,306.55,0,0,136
1425101,92,110,1971,194.03,307.55,1,1,1783
1413235,93,110,1971,193.03,305.55,1,1,1351
1428606,94,110,1971,315.25,316.25,0,0,269
1206595,95,110,1971,323.07,323.07,0,0,176
1189175,96,110,1971,322.07,322.07,0,0,256
1221144,97,110,1971,323.07,323.07,0,0,121
1260097,98,110,1971,321.07,322.07,0,0,338
1361831,99,110,1971,322.07,321.07,0,0,189
1250315,100,110,1971,321.07,321.07,0,0,257
1359070,101,110,1971,321.07,321.07,0,0,339
1264233,102,110,1971,323.07,323.07,0,0,148
1065678,103,110,1971,321.07,322.07,0,0,258
1238236,104,110,1971,322.07,321.07,0,0,230
1144548,105,110,1971,323.07,321.07,0,0,393
1176463,106,110,1971,323.07,323.07,0,0,364
1391273,107,110,1971,323.07,322.07,0,0,229
1137975,108,110,1971,241.53,322.07,1,1,1770
1419760,109,110,1971,241.53,322.07,1,1,2418
1316870,110,110,1971,319.16,319.16,0,0,310
1441321,111,110,1971,323.07,321.07,0,0,337
1424344,112,110,1971,322.07,322.07,0,0,231
1175675,113,110,1971,323.07,322.07,0,0,337
1183309,114,110,1971,323.07,323.07,0,0,269
1227273,115,110,1971,322.07,321.07,0,0,243
1495286,116,110,1971,260.93,322.07,1,1,877
1201786,117,110,1971,272.6,321.07,0,1,486
1484867,118,110,1971,322.07,323.07,0,0,202
1286160,119,110,1971,322.07,322.07,0,0,189
1164163,120,110,1971,276.45,321.07,0,0,364
1496842,121,110,1971,193.03,323.07,1,1,1891
1341397,122,110,1971,194.06,323.07,0,0,890
1049495,123,110,1971,193.06,323.07,1,0,1039
1450300,124,110,1971,193.06,321.07,1,1,1581
1048716,125,110,1971,316.28,316.28,0,0,270
1488352,126,110,1971,319.13,320.13,0,0,215
1135922,127,110,1971,321.07,323.07,0,0,310
1167343,128,110,1971,292.03,292.03,0,0,296
1158347,129,110,1971,285.18,285.18,0,0,215
1198554,130,110,1971,322.07,321.07,0,0,215
1272296,131,110,1971,323.07,321.07,0,0,296
1402547,132,110,1971,194.03,322.07,1,1,1592
1468643,133,110,1971,193.03,322.07,1,1,1392
1123966,134,110,1971,313.34,313.34,0,0,190
1287289,135,110,1971,321.07,321.07,0,0,134
1205366,136,110,1971,313.31,315.31,0,0,285
1287057,137,110,1971,322.07,323.07,0,0,150
1256792,138,110,1971,323.07,323.07,0,0,68
1165865,139,110,1971,323.07,321.07,0,0,188
1155983,140,110,1971,293,293,0,0,296
1114544,141,110,1971,290.03,292.03,0,0,244
1212264,142,110,1971,291.03,291.03,0,0,230
1223796,143,110,1971,290.03,291.03,0,0,337
1399663,144,110,1971,292.03,292.03,0,0,339
1223875,145,110,1971,292.03,290.03,0,0,351
1142835,1,110,1902,485.03,485.03,0,0,55
1205161,2,110,1902,484.03,485.03,0,0,53
1495041,3,110,1902,484.03,484.03,0,0,42
1139851,4,110,1902,485.03,486.03,0,0,40
1063002,5,110,1902,484.03,484.03,0,0,95
1202694,6,110,1902,485.03,484.03,0,0,26
1014014,7,110,1902,485.03,484.03,0,0,40
1378895,8,110,1902,485.03,485.03,0,0,15
1192632,10,110,1902,485.03,485.03,0,0,13
1388900,11,110,1902,486.03,486.03,0,0,13
1182343,13,110,1902,484.03,485.03,0,0,15
1497090,14,110,1902,484.03,486.03,0,0,27
1047612,15,110,1902,455.93,456.93,0,0,40
1169134,16,110,1902,464.69,462.69,0,0,54
1234084,17,110,1902,455.93,454.93,0,0,15
1078705,18,110,1902,486.03,484.03,0,0,26
1399063,24,110,1902,484.03,486.03,0,0,42
1175941,25,110,1902,485.03,486.03,0,0,26
1498011,27,110,1902,486.03,485.03,0,0,15
1040165,28,110,1902,486.03,485.03,0,0,15
1109596,29,110,1902,484.03,486.03,0,0,27
1145501,32,110,1902,484.03,484.03,0,0,15
1357055,33,110,1902,486.03,485.03,0,0,26
1185767,35,110,1902,484.03,484.03,0,0,14
1301588,37,110,1902,484.03,486.03,0,0,15
1248578,40,110,1902,486.03,484.03,0,0,27
1045406,41,110,1902,484.03,486.03,0,0,42
1333586,46,110,1902,484.03,486.03,0,0,14
1414121,47,110,1902,484.03,485.03,0,0,15
1191900,48,110,1902,484.03,486.03,0,0,13
1070536,49,110,1902,389.03,486.03,0,0,13
1442137,51,110,1902,485.03,485.03,0,0,15
1070800,52,110,1902,388.03,484.03,0,0,42
1212034,53,110,1902,389.03,484.03,0,0,15
1389895,54,110,1902,388.03,486.03,0,0,13
1270375,55,110,1902,388.03,485.03,0,0,14
1312232,57,110,1902,486.03,485.03,0,0,15
1032204,58,110,1902,486.03,484.03,0,0,15
1126464,59,110,1902,486.03,485.03,0,0,13
1439469,60,110,1902,445.23,446.23,0,0,40
1089429,61,110,1902,447.23,446.23,0,0,42
1259308,63,110,1902,446.23,447.23,0,0,13
1422417,66,110,1902,445.23,445.23,0,0,26
1204983,67,110,1902,446.23,447.23,0,0,26
1191476,68,110,1902,417.13,418.13,0,0,28
1091045,70,110,1902,416.13,418.13,0,0,53
1477581,71,110,1902,418.13,417.13,0,0,14
1258126,73,110,1902,447.23,446.23,0,0,13
1353781,78,110,1902,446.23,446.23,0,0,15
1181478,79,110,1902,445.23,445.23,0,0,14
1363195,80,110,1902,446.23,446.23,0,0,53
1254459,81,110,1902,445.23,445.23,0,0,26
1000218,82,110,1902,447.23,446.23,0,0,13
1210762,83,110,1902,446.23,446.23,0,0,27
1117833,86,110,1902,446.23,445.23,0,0,28
1459775,88,110,1902,445.23,447.23,0,0,13
1007909,89,110,1902,445.23,445.23,0,0,13
1063091,90,110,1902,445.23,447.23,0,0,13
1142636,91,110,1902,447.23,447.23,0,0,13
1199665,93,110,1902,446.23,446.23,0,0,15
1293974,97,110,1902,446.23,445.23,0,0,41
1343991,98,110,1902,447.23,446.23,0,0,13
1139219,99,110,1902,447.23,445.23,0,0,13
1028028,101,110,1902,446.23,446.23,0,0,14
1406405,102,110,1902,446.23,445.23,0,0,13
1333885,105,110,1902,388.03,446.23,0,0,26
1322780,108,110,1902,389.03,445.23,0,0,26
1470865,109,110,1902,447.23,447.23,0,0,14
1287017,110,110,1902,446.23,447.23,0,0,15
1224570,111,110,1902,446.23,445.23,0,0,13
1239856,114,110,1902,447.23,445.23,0,0,26
1388184,116,110,1902,445.23,447.23,0,0,28
1001866,117,110,1902,445.23,447.23,0,0,41
1263440,120,110,1902,387.03,445.23,0,0,28
1289232,121,110,1902,388.03,445.23,0,0,27
1376771,122,110,1902,387.03,447.23,0,0,27
1399308,123,110,1902,389.03,447.23,0,0,14
1057392,124,110,1902,446.23,445.23,0,0,14
1026631,125,110,1902,446.23,447.23,0,0,41
1458142,126,110,1902,446.23,447.23,0,0,15
1195029,127,110,1902,445.23,445.23,0,0,41
1279720,132,110,1902,446.23,447.23,0,0,13
1316020,133,110,1902,445.23,446.23,0,0,26
1256290,136,110,1902,388.03,446.23,0,0,28
1350150,137,110,1902,389.03,445.23,0,0,40
1402900,138,110,1902,388.03,446.23,0,0,26
1333722,139,110,1902,389.03,446.23,0,0,15
1356168,141,110,1902,447.23,446.23,0,0,28
1308184,142,110,1902,447.23,447.23,0,0,27
1232573,144,110,1902,447.23,446.23,0,0,14
