files/110.csv
id,week,center_id,meal_id,checkout_price,base_price,emailer_for_promotion,homepage_featured,num_orders
1230712,11,110,1770,484.03,484.03,0,0,13
1180220,12,110,1770,486.03,484.03,0,0,27
1361133,13,110,1770,486.03,485.03,0,0,27
1251037,15,110,1770,485.03,486.03,0,0,28
1427486,16,110,1770,485.03,485.03,0,0,14
1394214,17,110,1770,388.03,484.03,0,0,15
1209305,18,110,1770,388.03,485.03,0,0,13
1286294,19,110,1770,437.53,485.03,0,0,14
1410790,21,110,1770,486.03,484.03,0,0,14
1184319,25,110,1770,484.03,484.03,0,0,13
1369383,27,110,1770,485.03,484.03,0,0,41
1181513,28,110,1770,485.03,486.03,0,0,42
1232666,29,110,1770,387.03,486.03,0,0,26
1192997,30,110,1770,389.03,486.03,0,0,41
1371547,31,110,1770,389.03,486.03,0,0,15
1237743,35,110,1770,485.03,486.03,0,0,26
1200801,36,110,1770,484.03,486.03,0,0,27
1479498,37,110,1770,484.03,486.03,0,0,15
1466266,40,110,1770,486.03,484.03,0,0,15
1141535,41,110,1770,485.03,485.03,0,0,15
1009207,45,110,1770,435.53,484.03,0,0,14
1406382,46,110,1770,437.53,486.03,0,0,14
1462472,48,110,1770,436.53,484.03,0,0,13
1142992,49,110,1770,484.03,485.03,0,0,15
1028171,50,110,1770,485.03,485.03,0,0,15
1285334,51,110,1770,486.03,485.03,0,0,26
1191864,52,110,1770,485.03,484.03,0,0,41
1493787,53,110,1770,387.03,484.03,0,0,42
1000098,55,110,1770,387.03,485.03,0,0,15
1299541,56,110,1770,389.03,486.03,0,0,54
1123353,59,110,1770,484.03,485.03,0,0,26
1264532,60,110,1770,486.03,486.03,0,0,15
1069830,61,110,1770,486.03,484.03,0,0,28
1389637,62,110,1770,486.03,486.03,0,0,13
1260575,63,110,1770,485.03,484.03,0,0,41
1137616,64,110,1770,485.03,485.03,0,0,27
1491108,65,110,1770,484.03,485.03,0,0,28
1339060,66,110,1770,484.03,484.03,0,0,13
1004636,67,110,1770,484.03,486.03,0,0,14
1494167,68,110,1770,464.63,464.63,0,0,26
1010699,69,110,1770,464.63,466.63,0,0,27
1133697,71,110,1770,466.63,464.63,0,0,13
1061633,72,110,1770,486.03,485.03,0,0,14
1027725,73,110,1770,486.03,485.03,0,0,14
1227092,75,110,1770,485.03,485.03,0,0,67
1024492,76,110,1770,486.03,484.03,0,0,13
1160781,77,110,1770,484.03,485.03,0,0,26
1176079,78,110,1770,486.03,486.03,0,0,14
1450295,79,110,1770,485.03,486.03,0,0,42
1119774,81,110,1770,484.03,484.03,0,0,41
1163328,82,110,1770,484.03,484.03,0,0,14
1257037,83,110,1770,484.03,484.03,0,0,26
1305021,84,110,1770,484.03,484.03,0,0,14
1147050,85,110,1770,484.03,485.03,0,0,69
1489046,86,110,1770,485.03,486.03,0,0,41
1295686,89,110,1770,466.63,465.63,0,0,41
1085064,90,110,1770,454.93,454.93,0,0,41
1170988,91,110,1770,456.93,455.93,0,0,15
1119730,93,110,1770,455.93,455.93,0,0,14
1307895,94,110,1770,486.03,486.03,0,0,13
1324157,95,110,1770,484.03,486.03,0,0,13
1182644,96,110,1770,486.03,485.03,0,0,13
1401551,97,110,1770,485.03,485.03,0,0,15
1149143,98,110,1770,485.03,485.03,0,0,15
1282381,100,110,1770,485.03,486.03,0,0,13
1215238,102,110,1770,484.03,486.03,0,0,26
1004225,103,110,1770,485.03,485.03,0,0,15
1031364,105,110,1770,413.28,486.03,0,0,13
1242935,109,110,1770,485.03,485.03,0,0,15
1358401,111,110,1770,486.03,486.03,0,0,14
1291171,114,110,1770,484.03,485.03,0,0,14
1235538,115,110,1770,484.03,485.03,0,0,14
1228195,116,110,1770,484.03,485.03,0,0,13
1458692,123,110,1770,411.28,484.03,0,0,13
1038977,124,110,1770,485.03,485.03,0,0,14
1330619,125,110,1770,484.03,484.03,0,0,28
1096555,127,110,1770,484.03,484.03,0,0,14
1465442,129,110,1770,464.63,464.63,0,0,27
1056300,130,110,1770,446.23,446.23,0,0,15
1044261,131,110,1770,447.23,447.23,0,0,13
1318217,132,110,1770,447.23,446.23,0,0,14
1041505,133,110,1770,459.84,458.84,0,0,40
1108243,135,110,1770,484.03,486.03,0,0,13
1113524,141,110,1770,485.03,485.03,0,0,28
1304020,143,110,1770,486.03,486.03,0,0,13
1013194,144,110,1770,484.03,485.03,0,0,40
1061408,17,110,2664,326.89,327.89,0,0,230
1063108,18,110,2664,326.89,327.89,0,0,177
1347944,19,110,2664,326.89,327.89,0,0,379
1482730,20,110,2664,327.89,327.89,0,0,297
1107176,21,110,2664,328.89,326.89,0,0,217
1234300,22,110,2664,326.89,327.89,0,0,351
1184725,23,110,2664,327.89,328.89,0,0,283
1283584,24,110,2664,313.34,312.34,0,0,296
1055504,25,110,2664,327.89,328.89,0,0,298
1396899,26,110,2664,316.25,315.25,0,0,298
1070107,27,110,2664,242.5,316.25,0,0,554
1437701,28,110,2664,323.98,324.98,0,0,338
1421055,29,110,2664,327.89,326.89,0,0,231
1021174,30,110,2664,328.89,327.89,0,0,312
1026169,31,110,2664,326.89,326.89,0,0,311
1088519,32,110,2664,326.89,327.89,0,0,244
1496756,33,110,2664,328.89,327.89,0,0,285
1404347,34,110,2664,327.89,328.89,0,0,175
1409205,35,110,2664,327.89,328.89,0,0,242
1112601,36,110,2664,321.07,321.07,0,0,203
1442253,37,110,2664,247.41,322.07,1,1,1161
1093759,38,110,2664,244.44,321.07,0,1,540
1406372,39,110,2664,259.96,322.07,0,0,256
1137956,40,110,2664,327.89,328.89,0,0,339
1202343,41,110,2664,326.89,327.89,0,0,324
1234511,42,110,2664,327.89,328.89,0,0,365
1396023,43,110,2664,328.89,328.89,0,0,405
1499982,44,110,2664,327.89,327.89,0,0,393
1280285,45,110,2664,326.89,327.89,0,0,324
1138283,46,110,2664,326.89,326.89,0,0,338
1208522,47,110,2664,326.89,328.89,0,0,392
1281101,48,110,2664,323.07,323.07,0,0,351
1346343,49,110,2664,328.89,327.89,0,0,242
1429725,50,110,2664,326.89,328.89,0,0,244
1228017,51,110,2664,327.89,327.89,0,0,312
1403620,52,110,2664,327.89,327.89,0,0,339
1087701,53,110,2664,312.4,311.4,0,0,391
1208888,54,110,2664,326.89,328.89,0,0,404
1470940,55,110,2664,327.89,326.89,0,0,473
1263004,56,110,2664,262.9,326.89,1,1,1917
1366240,57,110,2664,263.9,326.89,1,1,1052
1443821,58,110,2664,326.89,328.89,0,0,312
1498563,59,110,2664,328.89,327.89,0,0,486
1143941,60,110,2664,326.89,326.89,0,0,391
1234142,61,110,2664,327.89,328.89,0,0,404
1408365,62,110,2664,327.89,328.89,0,0,149
1098828,63,110,2664,328.89,327.89,0,0,217
1496164,64,110,2664,327.89,326.89,0,0,378
1295627,65,110,2664,327.89,327.89,0,0,256
1021485,66,110,2664,326.89,327.89,0,0,311
1199987,67,110,2664,328.89,326.89,0,0,311
1173077,68,110,2664,327.89,328.89,0,0,271
1003694,69,110,2664,327.89,327.89,0,0,406
1211978,70,110,2664,327.89,326.89,0,0,177
1139254,71,110,2664,300.7,300.7,0,0,514
1350097,72,110,2664,328.89,327.89,0,0,404
1294219,73,110,2664,326.89,328.89,0,0,337
1050943,74,110,2664,326.89,328.89,0,0,364
1482816,75,110,2664,326.89,328.89,0,0,298
1182110,76,110,2664,315.25,316.25,0,0,364
1126757,77,110,2664,326.89,327.89,0,0,297
1405348,78,110,2664,313.37,313.37,0,0,377
1123225,79,110,2664,305.61,303.61,0,0,339
1434975,80,110,2664,309.43,309.43,0,0,377
1372692,81,110,2664,309.43,311.43,0,0,350
1430691,82,110,2664,245.47,311.43,1,1,1122
1357034,83,110,2664,301.7,310.43,0,1,351
1334839,84,110,2664,301.73,301.73,0,0,647
1305069,85,110,2664,310.43,309.43,0,0,499
1374701,86,110,2664,310.43,309.43,0,0,393
1038531,87,110,2664,309.43,310.43,0,0,325
1390718,88,110,2664,311.43,311.43,0,0,325
1136467,89,110,2664,311.43,309.43,0,0,339
1130895,90,110,2664,311.43,309.43,0,0,270
1334548,91,110,2664,309.43,311.43,0,0,230
1186426,92,110,2664,311.43,309.43,0,0,202
1379353,93,110,2664,309.43,310.43,0,0,176
1166408,94,110,2664,309.43,310.43,0,0,202
1002966,95,110,2664,309.43,310.43,0,0,188
1464843,96,110,2664,309.43,309.43,0,0,161
1239962,97,110,2664,310.43,311.43,0,0,229
1312428,98,110,2664,311.43,310.43,0,0,203
1229675,99,110,2664,310.43,309.43,0,0,188
1048612,100,110,2664,293.91,293.91,0,0,269
1338686,101,110,2664,309.43,309.43,0,0,190
1405765,102,110,2664,309.43,310.43,0,0,175
1066385,103,110,2664,311.43,311.43,0,0,189
1367227,104,110,2664,310.43,311.43,0,0,204
1388324,105,110,2664,289.06,289.06,0,0,204
1381591,106,110,2664,310.43,309.43,0,0,256
1323157,107,110,2664,311.43,311.43,0,0,377
1064660,108,110,2664,309.43,311.43,0,0,431
1228585,109,110,2664,310.43,310.43,0,0,244
1353159,110,110,2664,309.43,311.43,0,0,163
1442036,111,110,2664,291.03,290.03,0,0,216
1389331,112,110,2664,311.43,311.43,0,0,366
1395600,113,110,2664,293.94,294.94,0,0,258
1006581,114,110,2664,311.43,310.43,0,0,243
1372360,115,110,2664,244.44,311.43,1,0,338
1310577,116,110,2664,241.53,309.43,0,0,433
1473245,117,110,2664,309.43,310.43,0,0,216
1275955,118,110,2664,309.43,310.43,0,0,163
1043396,119,110,2664,310.43,310.43,0,0,162
1350807,120,110,2664,310.43,309.43,0,0,148
1494783,121,110,2664,309.43,309.43,0,0,270
1092288,122,110,2664,310.43,311.43,0,0,270
1261973,123,110,2664,309.43,311.43,0,0,258
1206747,124,110,2664,311.43,309.43,0,0,297
1380177,125,110,2664,302.64,303.64,0,0,325
1140749,126,110,2664,331.74,331.74,0,0,297
1218075,127,110,2664,319.16,318.16,0,0,257
1498998,128,110,2664,338.53,338.53,0,0,244
1107452,129,110,2664,339.53,338.53,0,0,177
1335663,130,110,2664,340.53,339.53,0,0,150
1240468,131,110,2664,338.53,339.53,0,0,188
1281677,132,110,2664,339.53,338.53,0,0,96
1064365,133,110,2664,339.53,339.53,0,0,190
1052311,134,110,2664,339.53,339.53,0,0,324
1269919,135,110,2664,310.4,312.4,0,0,163
1121911,136,110,2664,307.49,307.49,0,0,149
1418247,137,110,2664,317.22,318.22,0,0,203
1202153,138,110,2664,340.53,339.53,0,0,202
1066665,139,110,2664,339.53,338.53,0,0,188
1028473,140,110,2664,287.18,339.53,0,0,203
1310689,141,110,2664,279.36,340.53,0,0,177
1490909,142,110,2664,302.64,339.53,0,0,244
1204665,143,110,2664,302.64,340.53,0,0,177
1211954,144,110,2664,244.5,338.53,1,0,539
1353182,145,110,2664,244.44,339.53,0,0,352
1128669,19,110,2569,328.89,327.89,0,0,122
1421286,20,110,2569,328.89,326.89,0,0,257
1263285,21,110,2569,326.89,326.89,0,0,244
1147227,22,110,2569,327.89,327.89,0,0,217
1085521,23,110,2569,326.89,326.89,0,0,176
1147632,24,110,2569,326.89,326.89,0,0,285
1189721,25,110,2569,326.89,328.89,0,0,420
1255263,26,110,2569,327.89,328.89,0,0,311
1039452,27,110,2569,238.68,326.89,0,0,662
1053561,28,110,2569,321.13,320.13,0,0,352
1469933,29,110,2569,326.89,326.89,0,0,311
1047496,30,110,2569,327.89,326.89,0,0,445
1338065,31,110,2569,326.89,328.89,0,0,296
1019969,32,110,2569,314.31,313.31,0,0,539
1032534,33,110,2569,327.92,325.92,0,0,379
1154802,34,110,2569,326.89,328.89,0,0,392
1279536,35,110,2569,327.89,326.89,0,0,231
1212927,36,110,2569,328.89,328.89,0,0,243
1423172,37,110,2569,243.47,327.89,1,1,971
1138773,38,110,2569,243.5,327.89,0,0,500
1462405,39,110,2569,274.54,328.89,0,0,256
1379567,40,110,2569,326.89,327.89,0,0,204
1342444,41,110,2569,328.89,326.89,0,0,379
1147390,42,110,2569,323.01,323.01,0,0,593
1257970,43,110,2569,328.89,328.89,0,0,324
1496476,44,110,2569,327.89,327.89,0,0,432
1378649,45,110,2569,326.89,327.89,0,0,230
1457007,46,110,2569,326.89,328.89,0,0,161
1027827,47,110,2569,326.89,326.89,0,0,325
1110609,48,110,2569,326.89,326.89,0,0,324
1052570,49,110,2569,327.89,327.89,0,0,216
1270735,50,110,2569,327.89,328.89,0,0,337
1087410,51,110,2569,326.89,327.89,0,0,447
1345226,52,110,2569,327.89,328.89,0,0,392
1141185,53,110,2569,326.89,326.89,0,0,339
1046551,54,110,2569,328.89,327.89,0,0,378
1117642,55,110,2569,327.89,326.89,0,0,420
1062365,56,110,2569,261.9,328.89,1,1,1945
1461158,57,110,2569,263.87,327.89,1,1,1391
1064334,58,110,2569,327.89,327.89,0,0,312
1055175,59,110,2569,327.89,326.89,0,0,460
1339451,60,110,2569,327.89,328.89,0,0,541
1401283,61,110,2569,328.89,328.89,0,0,392
1146763,62,110,2569,326.89,328.89,0,0,230
1423769,63,110,2569,327.89,326.89,0,0,379
1173285,64,110,2569,328.89,326.89,0,0,458
1402979,65,110,2569,311.4,310.4,0,0,312
1199242,66,110,2569,327.89,326.89,0,0,231
1018166,67,110,2569,328.89,327.89,0,0,568
1017590,68,110,2569,327.89,326.89,0,0,338
1442098,69,110,2569,326.89,327.89,0,0,418
1454792,70,110,2569,319.16,318.16,0,0,310
1243767,71,110,2569,326.89,327.89,0,0,473
1442578,72,110,2569,327.89,328.89,0,0,433
1072278,73,110,2569,326.89,327.89,0,0,473
1460441,74,110,2569,326.89,326.89,0,0,527
1124287,75,110,2569,318.16,318.16,0,0,405
1253608,76,110,2569,328.89,327.89,0,0,432
1243249,77,110,2569,327.89,326.89,0,0,339
1308892,78,110,2569,316.25,317.25,0,0,310
1311821,79,110,2569,311.43,309.43,0,0,216
1154501,80,110,2569,309.43,310.43,0,0,189
1303008,81,110,2569,311.43,310.43,0,0,379
1437520,82,110,2569,248.35,311.43,1,1,1148
1477745,83,110,2569,303.64,311.43,0,1,474
1003649,84,110,2569,309.43,309.43,0,1,473
1492656,85,110,2569,299.73,301.73,0,0,420
1296594,86,110,2569,311.43,309.43,0,0,459
1179764,87,110,2569,311.43,310.43,0,0,325
1071040,88,110,2569,309.43,311.43,0,0,258
1055458,89,110,2569,311.43,310.43,0,0,189
1294629,90,110,2569,311.43,311.43,0,0,271
1254464,91,110,2569,309.43,310.43,0,0,204
1434240,92,110,2569,309.43,311.43,0,0,285
1041697,93,110,2569,310.43,311.43,0,0,175
1442750,94,110,2569,309.43,310.43,0,0,310
1469200,95,110,2569,309.43,310.43,0,0,366
1282978,96,110,2569,311.43,310.43,0,0,339
1158639,97,110,2569,289.06,289.06,0,0,203
1459235,98,110,2569,311.43,311.43,0,0,203
1169074,99,110,2569,309.43,311.43,0,0,150
1337059,100,110,2569,311.43,310.43,0,0,298
1484366,101,110,2569,311.43,309.43,0,0,284
1393627,102,110,2569,310.43,311.43,0,0,230
1231918,103,110,2569,309.43,311.43,0,0,447
1472807,104,110,2569,310.43,309.43,0,0,297
1121683,105,110,2569,310.43,310.43,0,0,285
1195652,106,110,2569,310.43,311.43,0,0,229
1024599,107,110,2569,310.43,311.43,0,0,405
1454207,108,110,2569,310.43,310.43,0,0,243
1497834,109,110,2569,310.43,309.43,0,0,244
1207792,110,110,2569,311.43,310.43,0,0,283
1212318,111,110,2569,310.43,309.43,0,0,244
1222970,112,110,2569,309.43,309.43,0,0,392
1163105,113,110,2569,305.61,305.61,0,0,339
1131273,114,110,2569,310.43,310.43,0,0,256
1061886,115,110,2569,241.53,310.43,1,0,339
1146283,116,110,2569,242.53,309.43,0,0,446
1338599,117,110,2569,310.43,311.43,0,0,311
1000524,118,110,2569,310.43,311.43,0,0,231
1053435,119,110,2569,297.85,296.85,0,0,298
1070299,120,110,2569,311.43,311.43,0,0,202
1427206,121,110,2569,309.43,310.43,0,0,364
1494382,122,110,2569,311.43,309.43,0,0,270
1465885,123,110,2569,311.43,309.43,0,0,95
1444777,124,110,2569,272.57,309.43,0,0,231
1141957,125,110,2569,311.43,311.43,0,0,203
1323767,126,110,2569,324.95,324.95,0,0,188
1438861,127,110,2569,338.53,338.53,0,0,310
1365375,128,110,2569,309.49,309.49,0,0,148
1098061,129,110,2569,339.53,340.53,0,0,244
1272732,130,110,2569,338.53,339.53,0,0,202
1331302,131,110,2569,340.53,339.53,0,0,231
1297593,132,110,2569,320.16,320.16,0,0,325
1441797,133,110,2569,339.53,338.53,0,0,175
1214161,134,110,2569,338.53,339.53,0,0,298
1127379,135,110,2569,307.52,308.52,0,0,285
1275830,136,110,2569,290.03,290.03,0,0,190
1290445,137,110,2569,314.34,313.34,0,0,338
1315991,138,110,2569,323.98,324.98,0,0,311
1446648,139,110,2569,338.53,338.53,0,0,269
1123449,140,110,2569,312.37,312.37,0,0,283
1360928,141,110,2569,303.64,302.64,0,0,149
1046054,142,110,2569,291.03,291.03,0,0,323
1236758,143,110,2569,302.64,302.64,0,0,323
1025020,144,110,2569,245.47,304.64,1,0,756
1109321,145,110,2569,235.77,302.64,0,0,364
