files/110.csv
id,week,center_id,meal_id,checkout_price,base_price,emailer_for_promotion,homepage_featured,num_orders
1460223,26,110,2490,244.5,243.5,0,0,82
1179361,27,110,2490,242.5,243.5,0,0,202
1409610,28,110,2490,243.5,244.5,0,0,283
1252500,29,110,2490,243.5,243.5,0,0,284
1014944,30,110,2490,241.56,242.56,0,0,323
1022201,31,110,2490,195,241.56,1,0,742
1201184,32,110,2490,242.56,241.56,0,0,568
1078281,33,110,2490,244.5,242.5,0,0,446
1290907,34,110,2490,243.5,242.5,0,0,377
1405494,35,110,2490,243.5,243.5,0,0,472
1016527,36,110,2490,244.5,242.5,0,0,297
1233754,37,110,2490,243.5,244.5,0,0,257
1176356,38,110,2490,244.5,242.5,0,0,188
1431908,39,110,2490,244.5,244.5,0,0,379
1408757,40,110,2490,243.5,242.5,0,0,311
1008795,41,110,2490,243.5,244.5,0,0,351
1058632,42,110,2490,242.5,244.5,1,1,1485
1024366,43,110,2490,244.5,243.5,0,0,406
1395410,44,110,2490,244.5,244.5,0,0,284
1288638,45,110,2490,242.5,244.5,0,0,419
1224184,46,110,2490,242.5,242.5,0,0,378
1003460,47,110,2490,230.89,231.89,0,0,257
1288434,48,110,2490,191.12,230.89,1,1,540
1319712,49,110,2490,242.5,231.89,1,0,350
1260356,50,110,2490,242.5,242.5,0,0,324
1267004,51,110,2490,236.74,234.74,0,0,350
1257330,52,110,2490,195,236.74,1,0,690
1081090,53,110,2490,197.91,234.74,0,0,513
1228918,54,110,2490,243.5,242.5,0,0,366
1452294,55,110,2490,244.5,244.5,0,0,378
1493206,56,110,2490,244.5,242.5,0,0,271
1304926,57,110,2490,242.5,244.5,0,0,244
1484496,58,110,2490,243.5,243.5,0,0,312
1136126,59,110,2490,244.5,242.5,0,0,352
1076613,60,110,2490,242.5,243.5,0,0,202
1210470,61,110,2490,242.5,243.5,0,0,338
1240599,62,110,2490,244.5,242.5,0,0,352
1142333,63,110,2490,243.5,244.5,0,0,379
1428476,64,110,2490,242.5,242.5,0,0,312
1190884,65,110,2490,182.42,244.5,1,1,2915
1178730,66,110,2490,231.86,232.86,0,0,445
1040864,67,110,2490,244.5,244.5,0,0,474
1186864,68,110,2490,242.5,244.5,0,1,379
1194191,69,110,2490,244.5,242.5,0,1,163
1094496,70,110,2490,243.5,243.5,0,0,177
1067773,71,110,2490,243.5,242.5,0,0,310
1445204,72,110,2490,244.5,242.5,0,0,258
1449982,73,110,2490,243.5,242.5,0,0,284
1395548,74,110,2490,242.5,244.5,0,0,269
1217770,75,110,2490,244.5,244.5,0,0,311
1472153,76,110,2490,147.47,242.5,1,1,1849
1249394,77,110,2490,148.44,242.5,1,0,1943
1390228,78,110,2490,147.5,244.5,0,1,1716
1367776,79,110,2490,147.5,244.5,0,1,1161
1023897,80,110,2490,244.5,243.5,0,0,310
1004613,81,110,2490,243.5,242.5,0,0,284
1328924,82,110,2490,242.5,244.5,0,0,323
1252821,83,110,2490,242.5,244.5,0,0,256
1357255,84,110,2490,244.5,242.5,0,1,229
1229298,85,110,2490,244.5,244.5,0,0,244
1137989,86,110,2490,244.5,242.5,0,0,256
1342782,87,110,2490,242.5,243.5,0,0,284
1490577,88,110,2490,242.5,242.5,0,0,271
1417895,89,110,2490,242.5,243.5,0,0,310
1342779,90,110,2490,194.03,243.5,1,1,1741
1318894,91,110,2490,193.06,243.5,1,1,1066
1444676,92,110,2490,244.5,242.5,0,0,175
1155314,93,110,2490,243.5,244.5,0,0,284
1270839,94,110,2490,194.97,244.5,1,1,877
1027961,95,110,2490,243.5,243.5,0,0,323
1285579,96,110,2490,243.5,243.5,0,0,204
1396800,97,110,2490,243.5,243.5,0,0,324
1394256,98,110,2490,244.5,244.5,0,0,229
1499306,99,110,2490,242.5,244.5,0,0,229
1419300,100,110,2490,242.5,243.5,0,0,352
1134803,101,110,2490,242.5,242.5,0,0,215
1292028,102,110,2490,244.5,244.5,0,0,161
1363382,103,110,2490,243.5,243.5,0,0,311
1352774,104,110,2490,242.5,242.5,0,0,256
1017309,105,110,2490,243.5,243.5,0,0,310
1251221,106,110,2490,244.5,243.5,0,0,297
1140881,107,110,2490,243.5,242.5,0,0,269
1433425,108,110,2490,243.5,243.5,0,0,323
1405736,109,110,2490,244.5,244.5,0,0,202
1325264,110,110,2490,230.86,231.86,0,0,283
1046891,111,110,2490,243.5,244.5,0,0,257
1495084,112,110,2490,244.5,244.5,0,0,204
1389185,113,110,2490,243.5,243.5,0,0,297
1042714,114,110,2490,244.5,244.5,0,0,311
1483636,115,110,2490,222.19,221.19,0,0,433
1116178,116,110,2490,244.5,242.5,0,0,229
1302962,117,110,2490,194,244.5,1,1,757
1475283,118,110,2490,196,242.5,1,0,447
1225005,119,110,2490,243.5,242.5,0,0,311
1261855,120,110,2490,244.5,243.5,0,0,258
1158170,121,110,2490,244.5,243.5,0,0,323
1000937,122,110,2490,243.5,242.5,0,0,270
1282847,123,110,2490,219.22,221.22,0,0,149
1299779,124,110,2490,223.1,225.1,0,0,203
1159643,125,110,2490,194,225.1,1,1,905
1244898,126,110,2490,241.56,240.56,0,0,283
1445670,127,110,2490,243.5,242.5,0,0,338
1117306,128,110,2490,238.68,238.68,0,0,258
1489341,129,110,2490,238.68,238.68,0,0,217
1377164,130,110,2490,242.5,243.5,0,0,337
1417323,131,110,2490,242.5,244.5,0,0,215
1158368,132,110,2490,244.5,243.5,0,0,217
1384369,133,110,2490,242.5,242.5,0,0,270
1057045,134,110,2490,243.5,244.5,0,0,285
1093210,135,110,2490,243.5,243.5,0,0,188
1174724,136,110,2490,225.07,225.07,0,0,366
1102479,137,110,2490,242.5,244.5,0,0,312
1077090,138,110,2490,244.5,243.5,0,0,271
1205662,139,110,2490,243.5,243.5,0,0,324
1154003,140,110,2490,242.56,242.5,1,1,729
1293180,141,110,2490,256.14,255.14,0,0,257
1495265,142,110,2490,254.14,254.14,0,0,204
1317780,143,110,2490,255.14,256.14,0,0,283
1347697,144,110,2490,256.14,256.14,0,0,121
1294216,145,110,2490,254.14,255.14,0,0,217
1016600,41,110,2444,493.76,492.76,0,0,338
1038787,42,110,2444,629.53,631.53,0,0,82
1262128,43,110,2444,630.53,630.53,0,0,54
1187918,44,110,2444,635.35,637.35,0,0,175
1340227,45,110,2444,526.77,635.35,0,0,80
1425383,46,110,2444,642.2,642.2,0,0,94
1158203,47,110,2444,629.53,630.53,0,0,14
1318926,48,110,2444,631.53,631.53,0,0,108
1092691,49,110,2444,629.53,629.53,0,0,40
1107617,50,110,2444,630.53,630.53,0,0,68
1334743,51,110,2444,452.99,629.53,0,0,150
1281319,52,110,2444,396.73,631.53,1,1,931
1026765,53,110,2444,391.88,630.53,1,1,986
1127665,54,110,2444,630.53,631.53,0,0,28
1120323,55,110,2444,630.53,629.53,0,0,40
1129881,56,110,2444,680.94,682.94,0,0,42
1027525,57,110,2444,630.53,629.53,0,0,82
1086317,58,110,2444,631.53,629.53,0,0,96
1481843,59,110,2444,630.53,629.53,0,0,40
1086433,60,110,2444,484.03,630.53,1,0,161
1275531,61,110,2444,583.03,631.53,0,1,80
1102780,63,110,2444,630.53,630.53,0,1,68
1497031,64,110,2444,631.53,631.53,0,0,69
1389177,65,110,2444,484.03,630.53,1,1,135
1494334,66,110,2444,631.53,630.53,0,0,41
1252390,67,110,2444,629.53,629.53,0,0,136
1011408,68,110,2444,630.53,630.53,0,0,82
1318998,69,110,2444,486.03,630.53,1,1,432
1486224,70,110,2444,475.3,631.53,1,1,364
1409079,71,110,2444,594.64,595.64,0,0,108
1101950,72,110,2444,631.53,629.53,0,0,109
1168615,73,110,2444,657.72,656.72,0,0,40
1264803,74,110,2444,631.53,631.53,0,0,67
1312305,75,110,2444,629.53,629.53,0,0,69
1453960,76,110,2444,571.33,571.33,0,0,26
1222709,77,110,2444,514.13,571.33,0,0,109
1378305,78,110,2444,545.14,545.14,0,0,80
1288214,79,110,2444,562.63,562.63,0,0,53
1277096,80,110,2444,513.13,514.13,0,0,107
1438393,81,110,2444,572.33,573.33,0,0,27
1405971,82,110,2444,629.53,631.53,0,0,149
1455636,83,110,2444,657.72,657.72,0,0,40
1148611,84,110,2444,660.57,662.57,0,0,68
1347855,85,110,2444,708.13,707.13,0,0,27
1073016,86,110,2444,708.13,708.13,0,0,13
1341370,87,110,2444,707.13,708.13,0,0,15
1472184,88,110,2444,707.13,707.13,0,0,41
1234921,89,110,2444,707.13,707.13,0,0,55
1403016,90,110,2444,437.53,709.13,1,0,204
1354234,91,110,2444,437.53,708.13,1,0,122
1242146,94,110,2444,436.53,708.13,1,1,134
1108358,95,110,2444,436.53,707.13,1,0,136
1309104,96,110,2444,709.13,709.13,0,0,26
1361256,98,110,2444,707.13,709.13,0,0,26
1205591,99,110,2444,709.13,709.13,0,0,15
1431667,100,110,2444,435.53,709.13,1,1,269
1096147,101,110,2444,436.53,707.13,0,0,135
1335188,102,110,2444,708.13,709.13,0,0,27
1164255,104,110,2444,708.13,709.13,0,0,15
1121551,106,110,2444,486.03,709.13,1,0,161
1072561,107,110,2444,485.03,707.13,1,0,82
1008623,108,110,2444,707.13,709.13,0,0,28
1462479,109,110,2444,709.13,707.13,0,0,14
1402161,110,110,2444,388.03,707.13,1,1,136
1396957,111,110,2444,708.13,708.13,0,0,55
1034438,112,110,2444,707.13,708.13,0,0,28
1224541,113,110,2444,708.13,708.13,0,0,15
1268932,115,110,2444,707.13,708.13,0,0,28
1475335,116,110,2444,715.92,713.92,0,0,40
1155412,117,110,2444,726.53,728.53,0,0,26
1167534,118,110,2444,728.53,727.53,0,0,27
1069938,119,110,2444,728.53,728.53,0,0,26
1218226,120,110,2444,727.53,726.53,0,0,55
1012225,121,110,2444,726.53,726.53,0,0,27
1402205,122,110,2444,472.42,727.53,1,1,418
1498577,123,110,2444,459.84,727.53,1,1,176
1116920,124,110,2444,728.53,727.53,0,0,26
1131224,125,110,2444,728.53,728.53,0,0,13
1150315,126,110,2444,727.53,727.53,0,0,54
1445827,127,110,2444,728.53,726.53,0,0,15
1227236,128,110,2444,766.33,767.33,0,0,67
1088418,129,110,2444,765.33,766.33,0,0,41
1007541,130,110,2444,765.33,765.33,0,0,68
1167487,131,110,2444,767.33,765.33,0,0,28
1238691,132,110,2444,767.33,765.33,0,0,27
1246409,133,110,2444,484.03,767.33,1,0,107
1107095,134,110,2444,486.03,766.33,1,0,188
1010204,135,110,2444,765.33,766.33,0,0,67
1238884,136,110,2444,767.33,767.33,0,0,28
1239525,139,110,2444,727.53,726.53,0,0,28
1170513,140,110,2444,728.53,726.53,0,0,28
1025111,141,110,2444,727.53,728.53,0,0,55
1424693,142,110,2444,728.53,727.53,0,0,42
1140194,143,110,2444,583.03,728.53,0,1,81
1305659,144,110,2444,595.61,727.53,1,0,148
1270051,145,110,2444,728.53,727.53,0,0,41
1032330,44,110,2867,630.53,629.53,0,0,53
1287134,45,110,2867,629.53,631.53,0,0,55
1082019,46,110,2867,631.53,630.53,0,0,27
1112241,47,110,2867,630.53,631.53,0,0,14
1332703,48,110,2867,647.05,645.05,0,0,68
1125730,49,110,2867,631.53,629.53,0,0,69
1167844,50,110,2867,631.53,630.53,0,0,13
1153432,51,110,2867,494.7,629.53,0,0,107
1197101,52,110,2867,392.85,629.53,1,1,729
1432627,53,110,2867,389.03,629.53,1,1,636
1146969,54,110,2867,629.53,629.53,0,0,42
1460585,56,110,2867,708.13,709.13,0,0,14
1169060,58,110,2867,639.26,640.26,0,0,122
1455579,59,110,2867,607.28,606.28,0,0,82
1035431,60,110,2867,485.03,605.28,1,0,176
1198034,61,110,2867,630.53,605.28,0,1,134
1270760,62,110,2867,631.53,606.28,0,1,41
1435953,63,110,2867,630.53,630.53,0,0,42
1387747,64,110,2867,631.53,629.53,0,0,26
1328402,65,110,2867,540.29,630.53,1,0,55
1161088,66,110,2867,630.53,630.53,0,0,95
1264696,67,110,2867,631.53,630.53,0,0,80
1477129,68,110,2867,630.53,629.53,0,0,40
1023181,69,110,2867,484.03,630.53,1,1,269
1082976,70,110,2867,499.61,629.53,1,0,216
1156934,71,110,2867,630.53,631.53,0,0,55
1103523,72,110,2867,629.53,631.53,0,0,122
1340909,73,110,2867,631.53,629.53,0,0,69
1074260,74,110,2867,631.53,630.53,0,0,95
1421313,75,110,2867,629.53,629.53,0,0,54
1128370,76,110,2867,514.13,629.53,0,0,14
1096188,77,110,2867,515.13,630.53,0,0,150
1100852,78,110,2867,515.13,629.53,0,0,136
1042314,79,110,2867,515.13,631.53,0,0,67
1402778,80,110,2867,515.13,630.53,0,0,82
1475825,81,110,2867,649.93,648.93,0,0,54
1063877,82,110,2867,630.53,629.53,0,0,27
1206890,83,110,2867,629.53,631.53,0,0,68
1369199,84,110,2867,708.13,707.13,0,0,26
1229904,85,110,2867,707.13,709.13,0,0,14
1132527,86,110,2867,709.13,708.13,0,0,15
1339873,87,110,2867,707.13,709.13,0,0,15
1099881,90,110,2867,437.53,707.13,1,0,95
1209217,91,110,2867,436.53,707.13,1,0,122
1117930,92,110,2867,709.13,708.13,0,0,15
1261982,94,110,2867,436.53,709.13,1,1,96
1105888,95,110,2867,437.53,707.13,1,0,41
1392008,97,110,2867,708.13,707.13,0,0,14
1487663,98,110,2867,708.13,707.13,0,0,40
1485309,99,110,2867,709.13,707.13,0,0,14
1314118,100,110,2867,452.99,707.13,1,1,215
1328318,101,110,2867,435.53,708.13,0,0,163
1414031,102,110,2867,709.13,709.13,0,0,15
1404586,104,110,2867,707.13,708.13,0,0,40
1393291,106,110,2867,486.03,708.13,1,0,67
1120974,107,110,2867,484.03,707.13,1,0,54
1413150,108,110,2867,708.13,707.13,0,0,28
1419195,109,110,2867,708.13,709.13,0,0,14
1266992,110,110,2867,388.03,709.13,1,1,135
1269487,111,110,2867,707.13,707.13,0,0,15
1492631,113,110,2867,707.13,708.13,0,0,15
1369344,115,110,2867,708.13,709.13,0,0,14
1222886,116,110,2867,716.83,718.83,0,0,28
1194937,117,110,2867,726.53,726.53,0,0,13
1189982,118,110,2867,727.53,726.53,0,0,26
1058020,121,110,2867,727.53,726.53,0,0,14
1404554,122,110,2867,454.96,726.53,1,0,177
1328712,123,110,2867,485.03,727.53,1,0,42
1139442,124,110,2867,727.53,727.53,0,0,13
1353226,126,110,2867,726.53,727.53,0,0,14
1399494,129,110,2867,767.33,766.33,0,0,13
1054645,130,110,2867,766.33,767.33,0,0,15
1348176,132,110,2867,765.33,766.33,0,0,15
1091001,133,110,2867,484.03,767.33,1,0,55
1253358,134,110,2867,485.03,765.33,1,0,41
1099472,135,110,2867,767.33,766.33,0,0,42
1126060,136,110,2867,767.33,765.33,0,0,14
1268893,137,110,2867,767.33,767.33,0,0,14
1093682,138,110,2867,727.53,727.53,0,0,13
1163383,142,110,2867,726.53,727.53,0,0,26
1373167,143,110,2867,583.03,726.53,0,0,121
1369712,144,110,2867,582.03,727.53,1,0,109
1494608,145,110,2867,726.53,726.53,0,0,13
1494189,92,110,1571,583.03,581.03,0,0,14
1364992,93,110,1571,583.03,582.03,0,0,53
1342928,94,110,1571,583.03,583.03,0,0,55
1320291,95,110,1571,582.03,581.03,0,0,82
1099735,96,110,1571,587.85,588.85,0,0,94
1343609,97,110,1571,581.03,583.03,0,0,95
1042685,98,110,1571,582.03,582.03,0,0,15
1465467,99,110,1571,581.03,582.03,0,0,40
1397619,100,110,1571,485.03,583.03,0,0,108
1215563,101,110,1571,485.03,581.03,0,0,28
1317087,102,110,1571,581.03,582.03,0,0,81
1232770,103,110,1571,581.03,581.03,0,0,68
1146678,104,110,1571,581.03,582.03,0,0,80
1483193,105,110,1571,583.03,582.03,0,0,26
1058641,106,110,1571,581.03,582.03,0,0,41
1090388,107,110,1571,583.03,583.03,0,0,55
1087518,108,110,1571,595.64,593.64,0,0,55
1283867,109,110,1571,582.03,581.03,0,0,28
1074112,110,110,1571,581.03,581.03,0,0,82
1419095,111,110,1571,583.03,582.03,0,0,55
1152819,112,110,1571,582.03,581.03,0,0,13
1063182,113,110,1571,592.73,591.73,0,0,67
1419914,114,110,1571,583.03,583.03,0,0,41
1409837,115,110,1571,583.03,583.03,0,0,108
1208898,116,110,1571,583.03,583.03,0,0,94
1481478,118,110,1571,583.03,582.03,0,0,54
1416129,119,110,1571,583.03,582.03,0,0,80
1156678,120,110,1571,582.03,583.03,0,0,40
1151786,121,110,1571,582.03,582.03,0,0,40
1219326,122,110,1571,582.03,582.03,0,0,82
1419004,123,110,1571,582.03,581.03,0,0,27
1066143,124,110,1571,581.03,582.03,0,0,27
1151758,126,110,1571,630.53,629.53,0,0,55
1382049,127,110,1571,630.53,630.53,0,0,67
1141711,128,110,1571,631.53,629.53,0,0,40
1143375,129,110,1571,463.72,631.53,0,1,202
1403010,130,110,1571,437.53,629.53,0,1,175
1279230,131,110,1571,435.53,630.53,0,1,163
1188574,132,110,1571,436.53,630.53,0,1,80
1215887,133,110,1571,602.43,600.43,0,0,26
1021336,134,110,1571,602.43,602.43,0,0,41
1241753,135,110,1571,602.43,602.43,0,0,42
1063868,136,110,1571,613.07,613.07,0,0,67
1185888,138,110,1571,629.53,631.53,0,0,108
1473703,139,110,1571,484.03,629.53,0,0,271
1396277,140,110,1571,485.03,629.53,0,0,123
1370374,141,110,1571,581.03,582.03,0,0,189
1149908,142,110,1571,586.85,587.85,0,0,122
1085583,143,110,1571,582.03,583.03,0,0,68
1123506,144,110,1571,582.03,582.03,0,0,13
1326154,145,110,1571,583.03,581.03,0,0,54
1490918,92,110,2956,581.03,583.03,0,0,13
1021690,93,110,2956,581.03,582.03,0,0,14
1246691,94,110,2956,581.03,583.03,0,0,81
1097326,95,110,2956,583.03,581.03,0,0,27
1068603,96,110,2956,588.85,587.85,0,0,109
1110532,97,110,2956,582.03,583.03,0,0,55
1087213,99,110,2956,582.03,581.03,0,0,27
1314882,100,110,2956,486.03,581.03,0,0,81
1271139,101,110,2956,486.03,583.03,0,0,27
1068244,111,110,2956,582.03,581.03,0,0,42
1301249,112,110,2956,582.03,582.03,0,0,26
1417947,113,110,2956,605.28,607.28,0,0,27
1262989,114,110,2956,583.03,583.03,0,0,55
1222086,115,110,2956,583.03,583.03,0,0,28
1330294,116,110,2956,583.03,581.03,0,0,40
1148261,117,110,2956,581.03,583.03,0,0,53
1384901,118,110,2956,581.03,583.03,0,0,95
1210356,119,110,2956,581.03,582.03,0,0,26
1139552,120,110,2956,582.03,581.03,0,0,96
1031116,121,110,2956,583.03,583.03,0,0,14
1111642,122,110,2956,581.03,582.03,0,0,28
1354876,123,110,2956,581.03,583.03,0,0,28
1285829,124,110,2956,607.28,607.28,0,0,26
1085904,125,110,2956,631.53,631.53,0,0,42
1305374,126,110,2956,630.53,630.53,0,0,27
1241209,127,110,2956,629.53,631.53,0,0,14
1203439,128,110,2956,630.53,630.53,0,0,26
1410863,129,110,2956,436.53,629.53,0,1,134
1274403,130,110,2956,436.53,629.53,0,1,94
1280336,131,110,2956,450.11,629.53,0,0,190
1296970,132,110,2956,437.53,631.53,0,1,96
1261722,133,110,2956,608.19,609.19,0,0,54
1132921,134,110,2956,600.43,601.43,0,0,81
1172463,135,110,2956,602.43,601.43,0,0,54
1451797,136,110,2956,612.13,610.13,0,0,40
1490919,137,110,2956,629.53,630.53,0,0,28
1145332,138,110,2956,629.53,629.53,0,0,94
1378664,139,110,2956,484.03,631.53,0,0,69
1157014,140,110,2956,484.03,630.53,0,0,81
1194745,141,110,2956,590.79,588.79,0,0,80
1356111,142,110,2956,601.43,600.43,0,0,69
1320339,143,110,2956,583.03,581.03,0,0,95
1047632,144,110,2956,583.03,583.03,0,0,68
1061424,145,110,2956,582.03,582.03,0,0,41
